// Jest Snapshot v1, https://goo.gl/fbAQLP

exports[`AutoComplete snapshot renders 1`] = `
<div
  className="componentContainer"
/>
`;
